src/components/layout/Footer.tsx(1,1): error TS6192: All imports in import declaration are unused.
src/components/layout/Footer.tsx(3,39): error TS6133: 'ArrowUpRight' is declared but its value is never read.
src/pages/Home.tsx(414,39): error TS6133: 'index' is declared but its value is never read.
src/pages/Portfolio.tsx(2,132): error TS6133: 'ChevronDown' is declared but its value is never read.
src/pages/Services.tsx(1,1): error TS6192: All imports in import declaration are unused.
src/pages/Services.tsx(2,105): error TS6133: 'ChevronDown' is declared but its value is never read.
